================================================================
======== txAdmin v8.0.1 atop fxserver 25770 Starting - 28/5/2026 0:02:57
================================================================
================================================================
======== Log Rotated - 28/5/2026 0:02:57                        
================================================================
[00:03:08][GRINMORD] logged in from 127.0.0.1 via cfxre
[00:03:17][GRINMORD] [GRINMORD] executed "STOP SERVER"
[00:03:17][GRINMORD] Config changes: server.dataPath
[00:03:17][GRINMORD] Resetting server data settings.
[00:03:40][GRINMORD] Config changes: 
[00:03:40][GRINMORD] Changing global settings via setup stepper and started Deployer.
[00:03:43][GRINMORD] Setting recipe.
[00:03:57][GRINMORD] Running recipe.
================================================================
======== txAdmin v8.0.1 atop fxserver 25770 Starting - 28/5/2026 0:06:03
================================================================
[00:06:08][GRINMORD] logged in from 127.0.0.1 via cfxre
[00:06:31][GRINMORD] Config changes: 
[00:06:31][GRINMORD] Changing global settings via setup stepper and started Deployer.
[00:06:35][GRINMORD] Setting recipe.
[00:06:45][GRINMORD] Running recipe.
[00:07:47][GRINMORD] Config changes: server.dataPath
[00:07:47][GRINMORD] Completed and committed server deploy.
[00:07:56][GRINMORD] [GRINMORD] executed "RESTART SERVER"
