================================================================
======== Log Rotated - 28/5/2026 0:00:00                        
================================================================
[0:01:43] [FXAFP#1] TREKFLAX: said "/restar mapper_editor"
[0:01:47] [FXAFP#1] TREKFLAX: said "/restard mapper_editor"
[0:02:21] [FXAFP#1] TREKFLAX: said "/qui"
[0:02:22] [FXAFP#1] TREKFLAX: disconnected (Exiting)
================================================================
======== txAdmin v8.0.1 atop fxserver 25770 Starting - 28/5/2026 0:02:57
================================================================
[0:03:01] txAdmin: Logger started
================================================================
======== txAdmin v8.0.1 atop fxserver 25770 Starting - 28/5/2026 0:06:03
================================================================
[0:07:55] txAdmin: Logger started
[0:08:06] txAdmin: Logger started
[0:08:16] [U4EjU#1] TREKFLAX: joined with identifiers [license:8349…6822, discord:7265…2077, fivem:13748322, license2:07c2…3b90]
[0:14:08] [U4EjU#1] TREKFLAX: spawned a vehicle (model: f620)
[0:38:10] [U4EjU#1] TREKFLAX: enabled noclip
[0:38:33] [U4EjU#1] TREKFLAX: became mortal (standard mode)
